// Vitest Snapshot v1, https://vitest.dev/guide/snapshot.html

exports[`matches snapshot 1`] = `
<DocumentFragment>
  <div>
    <div>
      <span>
        Test Todo
      </span>
      <button>
        Edit
      </button>
      <button>
        X
      </button>
    </div>
  </div>
</DocumentFragment>
`;
