// Vitest Snapshot v1, https://vitest.dev/guide/snapshot.html

exports[`matches snapshot 1`] = `
<DocumentFragment>
  <div>
    <form>
      <input
        placeholder="New task"
        type="text"
        value=""
      />
      <button
        type="submit"
      >
        Add Todo
      </button>
    </form>
    <ul />
  </div>
</DocumentFragment>
`;
